MAP detail : ach_elf <> detail
{
 "6"					rec_type
 MAS_CRED_DEB_IND                    	trans_cd
 MAS_TRANS_ROUTING_NBR               	recv_dfi_id
 MAS_ACCT_NBR                        	dfi_acct_nbr
 MAS_PAY_AMT                         	amt
 MAS_ENTITY_ID                   	indv_id_nbr
 MAS_ENTITY_DBA_NAME                  	indv_name
 MAS_ENTITY_ACCT_DESC			discret_data
 " "					addenda_rec_ind
 MAS_PAYMENT_SEQ_NBR  			trace_nbr
 "5"					bh_rec_type
 "200"                                	bh_serv_class_cd
 "NCRPS       "                 	company_name
 "NCRPS SETTLEMENT   "			company_discret_data
 "1202948242"				bh_company_id
 "CCD"                                	stndrd_entry_class_cd
 "CCSETTLMENT"                         	company_entry_desc
 MAS_SYS_DATE                       	company_desc_date
 MAS_PAY_EFFECT_DATE                   	eff_entry_date
 "   "		                	settl_date_j
 "1"                                  	origin_stat_cd
 "091408598"                           	bh_origin_dfi_id
 "8"					bt_rec_type
 "200"					bt_serv_class_cd
 "                   "			msg_auth_cd
 "      "				reserved
 "091408598"				bt_origin_dfi_id
}
MAP file_header   : ach_elf <> FileHeader
{
 "1"                                  	rec_type
 "01"                                 	priority_cd
 " 900102008"                         	imm_dest
 " 091408598"                         	imm_origin
 MAS_ACTIVITY_DATE                    	transm_date
 MAS_ACTIVITY_TIME                  	transm_time
 "A"                                  	file_id_mod
 "094"                                	rec_size
 "10"                                 	blk_factor
 "1"                                  	format_cd
 "FIRST PREMIER BANK    "         	imm_dest_name
 "NCRPS                "        	imm_origin_name
 "00000000"                           	ref_cd
}

MAP file_trailer  : ach_elf <> FileTrailer
{
 "9"                                  		rec_type
 "                                       "	reserved
}
MAP batch_header   : ach_elf <> BatchHeader
{
 "5"                                  	rec_type
 "200"                                	serv_class_cd
 "NCRPS          "	              	company_name
 "NCRPS SETTLEMENT   "			company_discret_data
 "1202948242"				company_id
 "CCD"                                	stndrd_entry_class_cd
 "MERCH SVCS"                          	company_entry_desc
 MAS_SYS_DATE                       	company_desc_date
 MAS_PAY_EFFECT_DATE                   	eff_entry_date
 MAS_JULIAN_SYS_DATE                	settl_date_j
 "1"                                  	origin_stat_cd 
 "09140859"                           	origin_dfi_id 
}

MAP batch_trailer  : ach_elf <> BatchTrailer
{
 "8"                                  rec_type
 "200"                                serv_class_cd
 "                   "                msg_auth_cd
 "      "                             reserved
 "09140859"                           origin_dfi_id
}
