MAP detail: OASIS-OASIS-BalTxn <> detail 
{
 BalTxn.rpt_seq              		rpt_seq
 BalTxn.rpt_subgroup                rpt_subgroup 
 BalTxn.master_gl					master_gl
 BalTxn.debit_amt                   debit_amt 
 BalTxn.credit_amt                 	credit_amt 
 BalTxn.net_amt                		net_amt 
}

MAP file_header   : OASIS-OASIS-BalFH <> FileHeader 
{
 "     " 							fh1
 "                   " 				fh2
 "       GL Number   " 				fh3
 "       Debit       "             	fh4					 
 "       Credit      "             	fh5
 "       Net         "              fh6
}

MAP file_trailer  : OASIS-OASIS-BalFT <> FileTrailer 
{
 "     "							ft1
 "   Balance Check   "         		ft2
 "                   "             	ft3
 BalFT.debit_amt                   	debit_amt
 BalFT.credit_amt                  	credit_amt
 BalFT.net_amt                     	net_amt
}

MAP batch_header   : OASIS-OASIS-BalBH <> BatchHeader 
{
 "     "							bh1
 BalBH.rpt_group               		rpt_group
}

MAP batch_trailer  : OASIS-OASIS-BalBT <> BatchTrailer 
{
 "     "							bt1
 BalBT.bt2		               		bt2
 "                   "             	bt3
 BalBT.debit_amt                   	debit_amt
 BalBT.credit_amt                  	credit_amt
 BalBT.net_amt                     	net_amt
 "\n"								bt4
}

