MAP file_header   : mas_elf <> FileHeader 
{
 "FH"           					trans_type
 "55"          						file_type
 MAS_ACTIVITY_DATE_TIME				activity_date_time
 "MAS"               				activity_source					 
 "INVOICE"            				activity_job_name
}

MAP detail: mas_elf <> detail 
{
 "01"           					trans_type
 MAS_INSTITUTION_ID                 institution_id
 MAS_INVOICE_NBR					invoice_nbr
 MAS_ENTITY_ACCT_ID					entity_acct_nbr
 MAS_PAYMENT_TERM					payment_term
 MAS_DUE_DATE						due_date
 MAS_INVOICE_DATE					invoice_date
 MAS_AMT_INVOICED					amt_invoiced
 MAS_CURR_CODE						curr_code
 MAS_AMT_APPLIED					amt_applied
 MAS_INVOICE_STATUS					invoice_status
 MAS_AGING_CYCLE					aging_cycle
 MAS_INV_CREDIT_AMT					inv_credit_amt
 MAS_ENTITY_ID  	 				entity_id  
 MAS_ENTITY_LEVEL					entity_level
}

MAP file_trailer  : mas_elf <> FileTrailer 
{
 "FT"          						trans_type
 MAS_RECORD_CNT						record_cnt
}

MAP batch_header  : mas_elf <> BatchHeader
{
}
MAP batch_trailer  : mas_elf <> BatchTrailer
{
}
