MAP file_header   : file_header <> FileHeader 
{
 "FH"           					trans_type
 "54"          						file_type
 Sactivity_date_time    			activity_date_time
 "MAS"               				activity_source					 
 "OUTBOUND"            				activity_job_name
 payment_run     					payment_run
}

MAP detail: detail <> detail 
{
 "01"           					trans_type
 institution_id              institution_id
 tid                         tid 
 tid_settl_method			tid_settl_method
 mas_code                    mas_code 
 card_scheme                 card_scheme 
 amt_original                amt_original 
 curr_cd_original            curr_cd_original 
 nbr_of_items                nbr_of_items 
 entity_id                   entity_id 
 add_amt1                    add_amt1 
 add_cnt1                    add_cnt1 
 add_amt2                    add_amt2 
 add_cnt2                    add_cnt2 
 Sactivity_date_time         activity_date_time 
 amt_billing                 amt_billing 
 curr_billing               	curr_billing 
 Spriced_date_time           priced_date_time
 Sdate_to_settle             date_to_settle 
 curr_rate                   curr_rate
 settl_flag                  settl_flag 
 posting_entity_id           posting_entity_id 
 percent_amt                 percent_amt
 per_item_amt                per_item_amt
 percent_rate                percent_rate
 per_item_rate               per_item_rate 
 fee_pkg_id                  fee_pkg_id
 fee_grp_id                  fee_grp_id
 external_trans_nbr          external_trans_nbr
 invoice_nbr                 invoice_nbr 
 payment_term                payment_term 
 cheque_nbr                  cheque_nbr 
 trans_routing_nbr           trans_routing_nbr 
 mas_code_downgrade          mas_code_downgrade 
 expected_mas_code           expected_mas_code 
 trans_description           trans_description
 reversal_ind                reversal_ind  
 unapplied_cash				 unapplied_cash
 payment_seq_nbr             payment_seq_nbr 
 Spayment_effect_date		 payment_effect_date
 Sgl_date					 gl_date
 entity_level				 entity_level
 settl_freq  				 settl_freq  
}

MAP file_trailer  : file_trailer <> FileTrailer 
{
 "FT"          						trans_type
 record_cnt							record_cnt
}

